[elexis.info/index.html]
[backblue.gif]
[fade.gif]
[index.html]
[elexis.info/images/favicon.ico]
[elexis.info/images/splash.png]
[elexis.info/support/index.html]
[elexis.info/documentation/index.html]
[elexis.info/use_elexis/index.html]
[elexis.info/sponsoring/index.html]
[elexis.info/images/dinacon_2017_blue_small.jpg]
[elexis.info/contributors/index.html]
[elexis.info/contributing/index.html]
[elexis.info/webmaster/index.html]
[elexis.info/fr/index.html]
[elexis.info/support.html]
[elexis.info/epl-v10.html]
[elexis.info/en/index.html]
[elexis.info/it/index.html]
[elexis.info/index.html]
[elexis.info/public/css/poole.css]
[elexis.info/public/css/syntax.css]
[elexis.info/public/css/hyde.css]
[elexis.info/public/css/custom.css]
[elexis.info/documentation/index.html]
[elexis.info/support/index.html]
[elexis.info/en/documentation/index.html]
[elexis.info/it/documentation/index.html]
[elexis.info/fr/support/index.html]
[elexis.info/fr/documentation/index.html]
[elexis.info/en/support/index.html]
[elexis.info/fr/use_elexis/index.html]
[elexis.info/it/support/index.html]
[elexis.info/en/use_elexis/index.html]
[elexis.info/use_elexis/index.html]
[elexis.info/sponsoring/de_support.html]
[elexis.info/sponsoring/index.html]
[elexis.info/it/use_elexis/index.html]
[elexis.info/contributors/index.html]
[elexis.info/en/sponsoring/index.html]
[elexis.info/fr/sponsoring/index.html]
[elexis.info/it/sponsoring/index.html]
[elexis.info/contributing/index.html]
[elexis.info/fr/contributors/index.html]
[elexis.info/webmaster/index.html]
[elexis.info/it/contributors/index.html]
[elexis.info/en/contributors/index.html]
[elexis.info/fr/contributing/index.html]
[elexis.info/en/contributing/index.html]
[elexis.info/it/contributing/index.html]
[elexis.info/fr/webmaster/index.html]
[elexis.info/it/webmaster/index.html]
[elexis.info/en/webmaster/index.html]
[elexis.info/index-2.html]
[elexis.info/fr/epl-v10.html]
[elexis.info/fr/index.html]
[elexis.info/en/epl-v10.html]
[elexis.info/en/index.html]
[elexis.info/it/index.html]
[elexis.info/support.html]
[elexis.info/epl-v10.html]
[elexis.info/fr/documentation/index.html]
[elexis.info/en/documentation/index.html]
[elexis.info/it/documentation/index.html]
[elexis.info/fr/support/index.html]
[elexis.info/en/support/de_support.html]
[elexis.info/en/support/index.html]
[elexis.info/it/support/index.html]
[elexis.info/fr/use_elexis/index.html]
[elexis.info/en/use_elexis/index.html]
[elexis.info/it/use_elexis/index.html]
[elexis.info/fr/sponsoring/_mailto_niklaus.giger@member.fsf.org]
[elexis.info/fr/sponsoring/index.html]
[elexis.info/en/sponsoring/index.html]
[elexis.info/it/sponsoring/_mailto_niklaus.giger@member.fsf.org]
[elexis.info/it/sponsoring/index.html]
[elexis.info/sponsoring/de_support.html]
[elexis.info/www.elexis-forum.ch]
[elexis.info/fr/contributors/index.html]
[elexis.info/en/contributors/index.html]
[elexis.info/it/contributors/index.html]
[elexis.info/fr/contributing/index.html]
[elexis.info/en/contributing/index.html]
[elexis.info/it/contributing/index.html]
[elexis.info/fr/webmaster/index.html]
[elexis.info/en/webmaster/index.html]
[elexis.info/it/webmaster/index.html]
[elexis.info/index-2.html]
[elexis.info/fr/epl-v10.html]
[elexis.info/en/epl-v10.html]
[elexis.info/en/support/de_support.html]
[elexis.info/fr/sponsoring/_mailto_niklaus.giger@member.fsf.html]
[elexis.info/it/sponsoring/_mailto_niklaus.giger@member.fsf.html]
[elexis.info/www.elexis-forum.html]
